"{\"type\":\"hello\"}"
"{\"seq\":1,\"timestamp\":\"2026-10-04T12:00:00Z\",\"type\":\"error\",\"agent_id\":\"agent-1\",\"session_id\":\"session-1\",\"reason\":\"boom\",\"payload\":\"details\"}\n"
"{\"version\":1,\"type\":\"error\",\"request_id\":\"request-1\",\"code\":\"unknown_agent\",\"message\":\"session: unknown agent: \\\"missing\\\"\"}\n"
